mpc-signer server with ID: c7792fc7-2488-4603-a735-70b70eaaaa5b reports readiness status true
mpc-signer server with ID: 059b853a-b83b-4539-bbdf-f96df00bf8d8 reports readiness status true
mpc-signer server with ID: 932aafbb-cc34-49c2-b534-4600b5e59263 reports readiness status true
mpc-signer server with ID: 6dbb80d1-67b7-4198-a099-44d5c447d49f reports readiness status true
mpc-signer server with ID: 87c25a72-df97-410d-900c-fabe23e6d76f reports readiness status true
mpc-signer server with ID: 39aaf11c-bfd1-4049-8db6-9eab66c3b42c reports readiness status true
mpc-signer server with ID: 10485e9b-1df9-4005-bd1d-1d7d8757c5d4 reports readiness status true
mpc-signer server with ID: 1b9e55b0-34b6-4f32-8678-4b9994c98cac reports readiness status true
mpc-signer server with ID: 4f3972d9-4ab3-40c7-8ba6-449bc8d7b776 reports readiness status true
mpc-signer server with ID: 7785c61b-a821-42ed-bc90-ab918bfbec2e reports readiness status true
mpc-signer server with ID: 225f375f-d303-43c1-ac7c-5ec2f62425e7 reports readiness status true
mpc-signer server with ID: 0f99b2b6-6148-4a84-94c1-85cfd44464c8 reports readiness status true
mpc-signer server with ID: 5374305e-2cd8-4219-ad29-9f22ab2d6f08 reports readiness status true
mpc-signer server with ID: 5b03a405-1069-4458-a4ec-6261ae8fa9a8 reports readiness status true
mpc-signer server with ID: 506d2c9e-4242-4566-8079-fc2f71135c65 reports readiness status true
mpc-signer server with ID: 7c5d0c38-08db-4c82-981c-c2f1a5fe94be reports readiness status true
mpc-signer server with ID: 98b3ed0f-8ffc-4573-a7c6-cf7a93fc4d10 reports readiness status true
mpc-signer server with ID: 0eda6ba5-a881-468d-be23-e8a3772149d8 reports readiness status true
mpc-signer server with ID: cab839d3-921b-4fbf-8c67-02367cd8b9b9 reports readiness status true
mpc-signer server with ID: 712ec046-baee-4fd7-8c0f-37cedc5409d9 reports readiness status true
mpc-signer server with ID: d1e926c5-4d5e-4dae-8b0e-3e432874c522 reports readiness status true
mpc-signer server with ID: b2ad1c79-2a1b-475a-9779-317722db13d5 reports readiness status true
mpc-signer server with ID: 7ad45748-2f17-4d19-aeeb-020b62772e78 reports readiness status true
mpc-signer server with ID: 68835ca5-6469-4fe8-9f7f-759099b2b54a reports readiness status true
mpc-signer server with ID: 4b0aad9d-8b10-478d-b65f-a7afad5ddf5d reports readiness status true
mpc-signer server with ID: 29d94e7b-c621-4fbe-bf64-ffa0e52bd4cd reports readiness status true
mpc-signer server with ID: b9a76ac6-a1a8-4893-aa13-04e2accf8da7 reports readiness status true
mpc-signer server with ID: 430b3da4-920d-4d99-9f24-5332f590bcb4 reports readiness status true
mpc-signer server with ID: a62a1b89-234f-4acd-8a1b-92dcdc254c74 reports readiness status true
mpc-signer server with ID: d4b0d03b-0a4e-411c-9ef6-ada2807565a9 reports readiness status true
mpc-signer server with ID: 0a3e6733-e585-4c23-a96b-92696e7b897c reports readiness status true
mpc-signer server with ID: 1fac245b-4ec5-43e7-8bc9-bce0cd546d82 reports readiness status true
mpc-signer server with ID: 9c58fe8a-2611-44a4-a418-71c643f13fef reports readiness status true
mpc-signer server with ID: e6a80dd0-2136-4938-b1f6-5bc66c9b93af reports readiness status true
mpc-signer server with ID: 5af2d721-4e1a-4b0c-994f-82b4be7ebaf8 reports readiness status true
mpc-signer server with ID: 7d8fb848-3a7c-4eca-aeb9-e2ed168a3eab reports readiness status true
mpc-signer server with ID: 908fcbe4-e73d-4911-ad5b-cbc3fb96527b reports readiness status true
mpc-signer server with ID: 6a05308f-687e-4f9c-8e3b-19cac7ceccd1 reports readiness status true
mpc-signer server with ID: 92132132-f559-4c37-9edd-9f28df6bee8b reports readiness status true
mpc-signer server with ID: 7cd4a7c7-8116-4685-ba36-43415d721dc5 reports readiness status true
mpc-signer server with ID: 51d4dc36-1dfe-4405-ae68-a43d3ae01139 reports readiness status true
mpc-signer server with ID: 7e76e808-ff76-46cd-aebe-314a373bd258 reports readiness status true
mpc-signer server with ID: 49551587-97a9-4319-b148-00bae576fc50 reports readiness status true
mpc-signer server with ID: 2914bf22-13ba-4d9b-9aad-0812a18bb1da reports readiness status true
mpc-signer server with ID: a3fcb40c-7719-4287-8bf2-91bb2c2e5f2e reports readiness status true
mpc-signer server with ID: 6e5e8b15-22d3-4d8b-ac68-47a78eb5a026 reports readiness status true
mpc-signer server with ID: 4315e06a-8ddd-4086-adeb-3db95a64b8ec reports readiness status true
mpc-signer server with ID: 1bddf226-ae08-4419-add4-6f1f47b2e00a reports readiness status true
mpc-signer server with ID: f6c0fccb-4039-4632-9976-1d37278eb863 reports readiness status true
mpc-signer server with ID: 6c1ab6f9-31e7-4983-be98-46026c5753ad reports readiness status true
mpc-signer server with ID: 02dd5deb-fe45-490f-b273-07b889b8b425 reports readiness status true
mpc-signer server with ID: 99898c2e-e792-4945-9d5d-9ef7c9dba7dd reports readiness status true
mpc-signer server with ID: adf1e362-6693-4cfe-884f-cc930f4c989b reports readiness status true
mpc-signer server with ID: 7adf59b9-28ba-4709-90dc-d315460fefad reports readiness status true
mpc-signer server with ID: 45bf1461-a817-47be-b90b-dffef2c98d0c reports readiness status true
mpc-signer server with ID: 3c68646d-3330-4c5e-bf7b-80d2a7ce3a71 reports readiness status true
mpc-signer server with ID: d51e8504-ffd2-430a-849c-a03726d93a32 reports readiness status true
mpc-signer server with ID: 8e8102d2-d229-47ad-b84e-7d03d411274c reports readiness status true
mpc-signer server with ID: c47ba17c-316a-4fdf-8727-9007fa04ad6e reports readiness status true
mpc-signer server with ID: abba58a8-d9f7-4d72-967c-e77cfdcb103a reports readiness status true
mpc-signer server with ID: 37ea5c77-0dcb-441f-86b5-7fe1d03e65f7 reports readiness status true
mpc-signer server with ID: d0bde2c8-a6a5-4fc7-86d7-07483c493ab0 reports readiness status true
mpc-signer server with ID: 26ed0322-fb4a-41cd-8ceb-d192e8300839 reports readiness status true
mpc-signer server with ID: 7843a9c8-3eab-4967-9c4d-a7c215f39edb reports readiness status true
mpc-signer server with ID: 4fc5d5be-2115-4188-a371-f4be5c203a42 reports readiness status true
mpc-signer server with ID: 0d0cc084-4f41-4fae-9f58-18e0a6e9c22d reports readiness status true
mpc-signer server with ID: 4742685f-2d80-426d-b358-ef3becf0f3f9 reports readiness status true
mpc-signer server with ID: ceab54bd-4c82-4556-91d2-bcd6bd1962c4 reports readiness status true
mpc-signer server with ID: 080bd657-41a9-4288-9a47-7108e9356953 reports readiness status true
mpc-signer server with ID: 434fc4ee-3b95-4849-b8eb-a843f3792bb3 reports readiness status true
mpc-signer server with ID: 64bcd54b-3f73-449c-b03d-769091312c51 reports readiness status true
mpc-signer server with ID: 47f6bb05-ff7c-4120-bc88-23aa27b1dcd3 reports readiness status true
mpc-signer server with ID: 30c0e4e8-6867-47e5-ab77-d04c6147c233 reports readiness status true
mpc-signer server with ID: 24ef7934-283d-4768-944f-766d4a66cd8f reports readiness status true
mpc-signer server with ID: ac8fda03-384e-43a5-8a90-51e254c93ef4 reports readiness status true
mpc-signer server with ID: a672da94-1e9d-4d71-b402-e5ce747d336b reports readiness status true
mpc-signer server with ID: d8e47f98-d425-4880-9a5d-e423f1df21a3 reports readiness status true
mpc-signer server with ID: 6acab7cc-b126-4510-a4a1-eeca5109ca9b reports readiness status true
mpc-signer server with ID: f497faa5-0048-4e30-a6cc-3c299a620500 reports readiness status true
mpc-signer server with ID: 96012c11-5f58-48a6-86e7-102c7517afc8 reports readiness status true
mpc-signer server with ID: 796db7ca-f325-4d15-bee1-3a081be497b1 reports readiness status true
mpc-signer server with ID: 4394051c-86f2-437d-a321-6e250d5a6082 reports readiness status true
mpc-signer server with ID: fad1cdf6-ee83-4534-bcfc-d291eeb967be reports readiness status true
mpc-signer server with ID: 2977e659-efd1-48e3-8f14-e9c224d56841 reports readiness status true
mpc-signer server with ID: 27851512-f3de-4c22-8594-f38ee8b286dd reports readiness status true
mpc-signer server with ID: 6226cff4-33d5-42d3-810f-da5fce1d271f reports readiness status true
mpc-signer server with ID: 23f54b23-49cd-44f3-8094-0c94865850a7 reports readiness status true
mpc-signer server with ID: 5443fbb3-d69a-4ebd-89a1-b3d097d86c02 reports readiness status true
mpc-signer server with ID: 7bc30730-553e-4b56-8d2d-92bf005dac31 reports readiness status true
mpc-signer server with ID: fbf7c467-50d8-43c5-b5c3-fa3240d73e61 reports readiness status true
mpc-signer server with ID: 2ea4bef2-7e6e-4d80-9818-f25254af4a72 reports readiness status true
mpc-signer server with ID: 202cdeef-c95e-43a4-a6ea-1d2d8d11f36b reports readiness status true
mpc-signer server with ID: d46b8f18-cc40-4af8-b849-dbdeafa4b252 reports readiness status true
mpc-signer server with ID: ef2f4af0-79b2-41da-b3d3-a38f5ab61641 reports readiness status true
mpc-signer server with ID: 1a543d30-8cad-4618-aabf-98c1439e6853 reports readiness status true
mpc-signer server with ID: ec968870-b45b-49b8-a68b-73f2a3fc23dc reports readiness status true
mpc-signer server with ID: 0f8fd7bf-337d-4143-a90d-ebce528e8af0 reports readiness status true